Flow report for fir_filter_pipelined_l3_reduced
Thu Mar 26 12:40:16 2026
Quartus Prime Version 21.1.0 Build 842 10/21/2021 SJ Lite Edition


---------------------
; Table of Contents ;
---------------------
  1. Legal Notice
  2. Flow Summary
  3. Flow Settings
  4. Flow Non-Default Global Settings
  5. Flow Elapsed Time
  6. Flow OS Summary
  7. Flow Log
  8. Flow Messages
  9. Flow Suppressed Messages



----------------
; Legal Notice ;
----------------
Copyright (C) 2021  Intel Corporation. All rights reserved.
Your use of Intel Corporation's design tools, logic functions 
and other software and tools, and any partner logic 
functions, and any output files from any of the foregoing 
(including device programming or simulation files), and any 
associated documentation or information are expressly subject 
to the terms and conditions of the Intel Program License 
Subscription Agreement, the Intel Quartus Prime License Agreement,
the Intel FPGA IP License Agreement, or other applicable license
agreement, including, without limitation, that your use is for
the sole purpose of programming logic devices manufactured by
Intel and sold by Intel or its authorized distributors.  Please
refer to the applicable agreement for further details, at
https://fpgasoftware.intel.com/eula.



+-------------------------------------------------------------------------------+
; Flow Summary                                                                  ;
+---------------------------------+---------------------------------------------+
; Flow Status                     ; Successful - Thu Mar 26 12:40:16 2026       ;
; Quartus Prime Version           ; 21.1.0 Build 842 10/21/2021 SJ Lite Edition ;
; Revision Name                   ; fir_filter_pipelined_l3_reduced             ;
; Top-level Entity Name           ; fir_filter_pipelined_l3_reduced             ;
; Family                          ; Cyclone V                                   ;
; Device                          ; 5CGXFC9E6F35C7                              ;
; Timing Models                   ; Final                                       ;
; Logic utilization (in ALMs)     ; 7,525 / 113,560 ( 7 % )                     ;
; Total registers                 ; 18629                                       ;
; Total pins                      ; 36 / 616 ( 6 % )                            ;
; Total virtual pins              ; 0                                           ;
; Total block memory bits         ; 0 / 12,492,800 ( 0 % )                      ;
; Total DSP Blocks                ; 159 / 342 ( 46 % )                          ;
; Total HSSI RX PCSs              ; 0 / 12 ( 0 % )                              ;
; Total HSSI PMA RX Deserializers ; 0 / 12 ( 0 % )                              ;
; Total HSSI TX PCSs              ; 0 / 12 ( 0 % )                              ;
; Total HSSI PMA TX Serializers   ; 0 / 12 ( 0 % )                              ;
; Total PLLs                      ; 0 / 20 ( 0 % )                              ;
; Total DLLs                      ; 0 / 4 ( 0 % )                               ;
+---------------------------------+---------------------------------------------+


+-----------------------------------------------------+
; Flow Settings                                       ;
+-------------------+---------------------------------+
; Option            ; Setting                         ;
+-------------------+---------------------------------+
; Start date & time ; 03/26/2026 12:13:30             ;
; Main task         ; Compilation                     ;
; Revision Name     ; fir_filter_pipelined_l3_reduced ;
+-------------------+---------------------------------+


+----------------------------------------------------------------------------------------------------+
; Flow Non-Default Global Settings                                                                   ;
+--------------------------+------------------------------+---------------+-------------+------------+
; Assignment Name          ; Value                        ; Default Value ; Entity Name ; Section Id ;
+--------------------------+------------------------------+---------------+-------------+------------+
; COMPILER_SIGNATURE_ID    ; 121382994273.177454160921000 ; --            ; --          ; --         ;
; NUM_PARALLEL_PROCESSORS  ; 4                            ; --            ; --          ; --         ;
; PROJECT_OUTPUT_DIRECTORY ; output_files                 ; --            ; --          ; --         ;
+--------------------------+------------------------------+---------------+-------------+------------+


+--------------------------------------------------------------------------------------------------------------------------+
; Flow Elapsed Time                                                                                                        ;
+----------------------+--------------+-------------------------+---------------------+------------------------------------+
; Module Name          ; Elapsed Time ; Average Processors Used ; Peak Virtual Memory ; Total CPU Time (on all processors) ;
+----------------------+--------------+-------------------------+---------------------+------------------------------------+
; Analysis & Synthesis ; 00:01:49     ; 1.8                     ; 13812 MB            ; 00:02:19                           ;
; Fitter               ; 00:16:11     ; 1.4                     ; 16333 MB            ; 00:26:24                           ;
; Assembler            ; 00:01:12     ; 1.0                     ; 14598 MB            ; 00:01:11                           ;
; Timing Analyzer      ; 00:02:11     ; 2.8                     ; 14460 MB            ; 00:05:25                           ;
; Power Analyzer       ; 00:04:33     ; 1.8                     ; 14344 MB            ; 00:02:31                           ;
; Total                ; 00:25:56     ; --                      ; --                  ; 00:37:50                           ;
+----------------------+--------------+-------------------------+---------------------+------------------------------------+


+------------------------------------------------------------------------------------+
; Flow OS Summary                                                                    ;
+----------------------+------------------+------------+------------+----------------+
; Module Name          ; Machine Hostname ; OS Name    ; OS Version ; Processor type ;
+----------------------+------------------+------------+------------+----------------+
; Analysis & Synthesis ; JULIANTIANA87AE  ; Windows 10 ; 10.0       ; x86_64         ;
; Fitter               ; JULIANTIANA87AE  ; Windows 10 ; 10.0       ; x86_64         ;
; Assembler            ; JULIANTIANA87AE  ; Windows 10 ; 10.0       ; x86_64         ;
; Timing Analyzer      ; JULIANTIANA87AE  ; Windows 10 ; 10.0       ; x86_64         ;
; Power Analyzer       ; JULIANTIANA87AE  ; Windows 10 ; 10.0       ; x86_64         ;
+----------------------+------------------+------------+------------+----------------+


------------
; Flow Log ;
------------
quartus_map --read_settings_files=on --write_settings_files=off fir_filter_opt_project -c fir_filter_pipelined_l3_reduced
quartus_fit --read_settings_files=off --write_settings_files=off fir_filter_opt_project -c fir_filter_pipelined_l3_reduced
quartus_asm --read_settings_files=off --write_settings_files=off fir_filter_opt_project -c fir_filter_pipelined_l3_reduced
quartus_sta fir_filter_opt_project -c fir_filter_pipelined_l3_reduced
quartus_pow fir_filter_opt_project -c fir_filter_pipelined_l3_reduced



