Analysis & Synthesis report for fir_filter
Tue Mar 24 22:02:55 2026
Quartus Prime Version 21.1.0 Build 842 10/21/2021 SJ Lite Edition


---------------------
; Table of Contents ;
---------------------
  1. Legal Notice
  2. Analysis & Synthesis Summary
  3. Analysis & Synthesis Settings
  4. Parallel Compilation
  5. Analysis & Synthesis Source Files Read
  6. Analysis & Synthesis Resource Usage Summary
  7. Analysis & Synthesis Resource Utilization by Entity
  8. Analysis & Synthesis DSP Block Usage Summary
  9. General Register Statistics
 10. Multiplexer Restructuring Statistics (Restructuring Performed)
 11. Parameter Settings for User Entity Instance: Top-level Entity: |fir_filter
 12. Post-Synthesis Netlist Statistics for Top Partition
 13. Elapsed Time Per Partition
 14. Analysis & Synthesis Messages



----------------
; Legal Notice ;
----------------
Copyright (C) 2021  Intel Corporation. All rights reserved.
Your use of Intel Corporation's design tools, logic functions 
and other software and tools, and any partner logic 
functions, and any output files from any of the foregoing 
(including device programming or simulation files), and any 
associated documentation or information are expressly subject 
to the terms and conditions of the Intel Program License 
Subscription Agreement, the Intel Quartus Prime License Agreement,
the Intel FPGA IP License Agreement, or other applicable license
agreement, including, without limitation, that your use is for
the sole purpose of programming logic devices manufactured by
Intel and sold by Intel or its authorized distributors.  Please
refer to the applicable agreement for further details, at
https://fpgasoftware.intel.com/eula.



+-------------------------------------------------------------------------------+
; Analysis & Synthesis Summary                                                  ;
+---------------------------------+---------------------------------------------+
; Analysis & Synthesis Status     ; Successful - Tue Mar 24 22:02:54 2026       ;
; Quartus Prime Version           ; 21.1.0 Build 842 10/21/2021 SJ Lite Edition ;
; Revision Name                   ; fir_filter                                  ;
; Top-level Entity Name           ; fir_filter                                  ;
; Family                          ; Cyclone V                                   ;
; Logic utilization (in ALMs)     ; N/A                                         ;
; Total registers                 ; 3393                                        ;
; Total pins                      ; 36                                          ;
; Total virtual pins              ; 0                                           ;
; Total block memory bits         ; 0                                           ;
; Total DSP Blocks                ; 205                                         ;
; Total HSSI RX PCSs              ; 0                                           ;
; Total HSSI PMA RX Deserializers ; 0                                           ;
; Total HSSI TX PCSs              ; 0                                           ;
; Total HSSI PMA TX Serializers   ; 0                                           ;
; Total PLLs                      ; 0                                           ;
; Total DLLs                      ; 0                                           ;
+---------------------------------+---------------------------------------------+


+---------------------------------------------------------------------------------------------------------------------------+
; Analysis & Synthesis Settings                                                                                             ;
+---------------------------------------------------------------------------------+--------------------+--------------------+
; Option                                                                          ; Setting            ; Default Value      ;
+---------------------------------------------------------------------------------+--------------------+--------------------+
; Device                                                                          ; 5CGXFC9E6F35C7     ;                    ;
; Top-level entity name                                                           ; fir_filter         ; fir_filter         ;
; Family name                                                                     ; Cyclone V          ; Cyclone V          ;
; Maximum processors allowed for parallel compilation                             ; 4                  ;                    ;
; Use smart compilation                                                           ; Off                ; Off                ;
; Enable parallel Assembler and Timing Analyzer during compilation                ; On                 ; On                 ;
; Enable compact report table                                                     ; Off                ; Off                ;
; Restructure Multiplexers                                                        ; Auto               ; Auto               ;
; MLAB Add Timing Constraints For Mixed-Port Feed-Through Mode Setting Don't Care ; Off                ; Off                ;
; Create Debugging Nodes for IP Cores                                             ; Off                ; Off                ;
; Preserve fewer node names                                                       ; On                 ; On                 ;
; Intel FPGA IP Evaluation Mode                                                   ; Enable             ; Enable             ;
; Verilog Version                                                                 ; Verilog_2001       ; Verilog_2001       ;
; VHDL Version                                                                    ; VHDL_1993          ; VHDL_1993          ;
; State Machine Processing                                                        ; Auto               ; Auto               ;
; Safe State Machine                                                              ; Off                ; Off                ;
; Extract Verilog State Machines                                                  ; On                 ; On                 ;
; Extract VHDL State Machines                                                     ; On                 ; On                 ;
; Ignore Verilog initial constructs                                               ; Off                ; Off                ;
; Iteration limit for constant Verilog loops                                      ; 5000               ; 5000               ;
; Iteration limit for non-constant Verilog loops                                  ; 250                ; 250                ;
; Add Pass-Through Logic to Inferred RAMs                                         ; On                 ; On                 ;
; Infer RAMs from Raw Logic                                                       ; On                 ; On                 ;
; Parallel Synthesis                                                              ; On                 ; On                 ;
; DSP Block Balancing                                                             ; Auto               ; Auto               ;
; NOT Gate Push-Back                                                              ; On                 ; On                 ;
; Power-Up Don't Care                                                             ; On                 ; On                 ;
; Remove Redundant Logic Cells                                                    ; Off                ; Off                ;
; Remove Duplicate Registers                                                      ; On                 ; On                 ;
; Ignore CARRY Buffers                                                            ; Off                ; Off                ;
; Ignore CASCADE Buffers                                                          ; Off                ; Off                ;
; Ignore GLOBAL Buffers                                                           ; Off                ; Off                ;
; Ignore ROW GLOBAL Buffers                                                       ; Off                ; Off                ;
; Ignore LCELL Buffers                                                            ; Off                ; Off                ;
; Ignore SOFT Buffers                                                             ; On                 ; On                 ;
; Limit AHDL Integers to 32 Bits                                                  ; Off                ; Off                ;
; Optimization Technique                                                          ; Balanced           ; Balanced           ;
; Carry Chain Length                                                              ; 70                 ; 70                 ;
; Auto Carry Chains                                                               ; On                 ; On                 ;
; Auto Open-Drain Pins                                                            ; On                 ; On                 ;
; Perform WYSIWYG Primitive Resynthesis                                           ; Off                ; Off                ;
; Auto ROM Replacement                                                            ; On                 ; On                 ;
; Auto RAM Replacement                                                            ; On                 ; On                 ;
; Auto DSP Block Replacement                                                      ; On                 ; On                 ;
; Auto Shift Register Replacement                                                 ; Auto               ; Auto               ;
; Allow Shift Register Merging across Hierarchies                                 ; Auto               ; Auto               ;
; Auto Clock Enable Replacement                                                   ; On                 ; On                 ;
; Strict RAM Replacement                                                          ; Off                ; Off                ;
; Allow Synchronous Control Signals                                               ; On                 ; On                 ;
; Force Use of Synchronous Clear Signals                                          ; Off                ; Off                ;
; Auto Resource Sharing                                                           ; Off                ; Off                ;
; Allow Any RAM Size For Recognition                                              ; Off                ; Off                ;
; Allow Any ROM Size For Recognition                                              ; Off                ; Off                ;
; Allow Any Shift Register Size For Recognition                                   ; Off                ; Off                ;
; Use LogicLock Constraints during Resource Balancing                             ; On                 ; On                 ;
; Ignore translate_off and synthesis_off directives                               ; Off                ; Off                ;
; Timing-Driven Synthesis                                                         ; On                 ; On                 ;
; Report Parameter Settings                                                       ; On                 ; On                 ;
; Report Source Assignments                                                       ; On                 ; On                 ;
; Report Connectivity Checks                                                      ; On                 ; On                 ;
; Ignore Maximum Fan-Out Assignments                                              ; Off                ; Off                ;
; Synchronization Register Chain Length                                           ; 3                  ; 3                  ;
; Power Optimization During Synthesis                                             ; Normal compilation ; Normal compilation ;
; HDL message level                                                               ; Level2             ; Level2             ;
; Suppress Register Optimization Related Messages                                 ; Off                ; Off                ;
; Number of Removed Registers Reported in Synthesis Report                        ; 5000               ; 5000               ;
; Number of Swept Nodes Reported in Synthesis Report                              ; 5000               ; 5000               ;
; Number of Inverted Registers Reported in Synthesis Report                       ; 100                ; 100                ;
; Clock MUX Protection                                                            ; On                 ; On                 ;
; Auto Gated Clock Conversion                                                     ; Off                ; Off                ;
; Block Design Naming                                                             ; Auto               ; Auto               ;
; SDC constraint protection                                                       ; Off                ; Off                ;
; Synthesis Effort                                                                ; Auto               ; Auto               ;
; Shift Register Replacement - Allow Asynchronous Clear Signal                    ; On                 ; On                 ;
; Pre-Mapping Resynthesis Optimization                                            ; Off                ; Off                ;
; Analysis & Synthesis Message Level                                              ; Medium             ; Medium             ;
; Disable Register Merging Across Hierarchies                                     ; Auto               ; Auto               ;
; Resource Aware Inference For Block RAM                                          ; On                 ; On                 ;
; Automatic Parallel Synthesis                                                    ; On                 ; On                 ;
; Partial Reconfiguration Bitstream ID                                            ; Off                ; Off                ;
+---------------------------------------------------------------------------------+--------------------+--------------------+


+------------------------------------------+
; Parallel Compilation                     ;
+----------------------------+-------------+
; Processors                 ; Number      ;
+----------------------------+-------------+
; Number detected on machine ; 4           ;
; Maximum allowed            ; 4           ;
;                            ;             ;
; Average used               ; 1.00        ;
; Maximum used               ; 4           ;
;                            ;             ;
; Usage by Processor         ; % Time Used ;
;     Processor 1            ; 100.0%      ;
;     Processor 2            ;   0.2%      ;
;     Processor 3            ;   0.1%      ;
;     Processor 4            ;   0.1%      ;
+----------------------------+-------------+


+-------------------------------------------------------------------------------------------------------------------------------------------------------------------------------------------------------+
; Analysis & Synthesis Source Files Read                                                                                                                                                                ;
+----------------------------------+-----------------+------------------------------+---------------------------------------------------------------------------------------------------------+---------+
; File Name with User-Entered Path ; Used in Netlist ; File Type                    ; File Name with Absolute Path                                                                            ; Library ;
+----------------------------------+-----------------+------------------------------+---------------------------------------------------------------------------------------------------------+---------+
; rtl/include/fir_coeffs_pkg.sv    ; yes             ; User SystemVerilog HDL File  ; C:/Mac/Home/Desktop/avlsi-fir-filter-design/fir-filter-hardware-optimized/rtl/include/fir_coeffs_pkg.sv ;         ;
; rtl/src/fir_filter.sv            ; yes             ; User SystemVerilog HDL File  ; C:/Mac/Home/Desktop/avlsi-fir-filter-design/fir-filter-hardware-optimized/rtl/src/fir_filter.sv         ;         ;
+----------------------------------+-----------------+------------------------------+---------------------------------------------------------------------------------------------------------+---------+


+------------------------------------------------------------------+
; Analysis & Synthesis Resource Usage Summary                      ;
+---------------------------------------------+--------------------+
; Resource                                    ; Usage              ;
+---------------------------------------------+--------------------+
; Estimate of Logic utilization (ALMs needed) ; 3392               ;
;                                             ;                    ;
; Combinational ALUT usage for logic          ; 6740               ;
;     -- 7 input functions                    ; 0                  ;
;     -- 6 input functions                    ; 16                 ;
;     -- 5 input functions                    ; 9                  ;
;     -- 4 input functions                    ; 59                 ;
;     -- <=3 input functions                  ; 6656               ;
;                                             ;                    ;
; Dedicated logic registers                   ; 3393               ;
;                                             ;                    ;
; I/O pins                                    ; 36                 ;
;                                             ;                    ;
; Total DSP Blocks                            ; 205                ;
;                                             ;                    ;
; Maximum fan-out node                        ; sample_valid~input ;
; Maximum fan-out                             ; 6804               ;
; Total fan-out                               ; 40391              ;
; Average fan-out                             ; 3.88               ;
+---------------------------------------------+--------------------+


+----------------------------------------------------------------------------------------------------------------------------------------------------------------------------------------+
; Analysis & Synthesis Resource Utilization by Entity                                                                                                                                    ;
+----------------------------+---------------------+---------------------------+-------------------+------------+------+--------------+---------------------+-------------+--------------+
; Compilation Hierarchy Node ; Combinational ALUTs ; Dedicated Logic Registers ; Block Memory Bits ; DSP Blocks ; Pins ; Virtual Pins ; Full Hierarchy Name ; Entity Name ; Library Name ;
+----------------------------+---------------------+---------------------------+-------------------+------------+------+--------------+---------------------+-------------+--------------+
; |fir_filter                ; 6740 (6740)         ; 3393 (3393)               ; 0                 ; 205        ; 36   ; 0            ; |fir_filter         ; fir_filter  ; work         ;
+----------------------------+---------------------+---------------------------+-------------------+------------+------+--------------+---------------------+-------------+--------------+
Note: For table entries with two numbers listed, the numbers in parentheses indicate the number of resources of the given type used by the specific entity alone. The numbers listed outside of parentheses indicate the total resources of the given type used by the specific entity and all of its sub-entities in the hierarchy.


+-------------------------------------------------+
; Analysis & Synthesis DSP Block Usage Summary    ;
+-----------------------------------+-------------+
; Statistic                         ; Number Used ;
+-----------------------------------+-------------+
; Two Independent 18x18             ; 205         ;
; Total number of DSP blocks        ; 205         ;
;                                   ;             ;
; Fixed Point Signed Multiplier     ; 90          ;
; Fixed Point Mixed Sign Multiplier ; 115         ;
+-----------------------------------+-------------+


+------------------------------------------------------+
; General Register Statistics                          ;
+----------------------------------------------+-------+
; Statistic                                    ; Value ;
+----------------------------------------------+-------+
; Total registers                              ; 3393  ;
; Number of registers using Synchronous Clear  ; 15    ;
; Number of registers using Synchronous Load   ; 0     ;
; Number of registers using Asynchronous Clear ; 3393  ;
; Number of registers using Asynchronous Load  ; 0     ;
; Number of registers using Clock Enable       ; 3392  ;
; Number of registers using Preset             ; 0     ;
+----------------------------------------------+-------+


+----------------------------------------------------------------------------------------------------------------------------------------------+
; Multiplexer Restructuring Statistics (Restructuring Performed)                                                                               ;
+--------------------+-----------+---------------+----------------------+------------------------+------------+--------------------------------+
; Multiplexer Inputs ; Bus Width ; Baseline Area ; Area if Restructured ; Saving if Restructured ; Registered ; Example Multiplexer Output     ;
+--------------------+-----------+---------------+----------------------+------------------------+------------+--------------------------------+
; 4:1                ; 15 bits   ; 30 LEs        ; 30 LEs               ; 0 LEs                  ; Yes        ; |fir_filter|sample_out[9]~reg0 ;
+--------------------+-----------+---------------+----------------------+------------------------+------------+--------------------------------+


+----------------------------------------------------------------------------+
; Parameter Settings for User Entity Instance: Top-level Entity: |fir_filter ;
+----------------+-------+---------------------------------------------------+
; Parameter Name ; Value ; Type                                              ;
+----------------+-------+---------------------------------------------------+
; SAMPLE_WIDTH   ; 16    ; Signed Integer                                    ;
+----------------+-------+---------------------------------------------------+
Note: In order to hide this table in the UI and the text report file, please set the "Show Parameter Settings in Synthesis Report" option in "Analysis and Synthesis Settings -> More Settings" to "Off".


+-----------------------------------------------------+
; Post-Synthesis Netlist Statistics for Top Partition ;
+-----------------------+-----------------------------+
; Type                  ; Count                       ;
+-----------------------+-----------------------------+
; arriav_ff             ; 3393                        ;
;     CLR               ; 1                           ;
;     ENA CLR           ; 3377                        ;
;     ENA CLR SCLR      ; 15                          ;
; arriav_lcell_comb     ; 6740                        ;
;     arith             ; 251                         ;
;         1 data inputs ; 52                          ;
;         2 data inputs ; 68                          ;
;         3 data inputs ; 72                          ;
;         4 data inputs ; 59                          ;
;     normal            ; 3323                        ;
;         3 data inputs ; 3298                        ;
;         5 data inputs ; 9                           ;
;         6 data inputs ; 16                          ;
;     shared            ; 3166                        ;
;         2 data inputs ; 2                           ;
;         3 data inputs ; 3164                        ;
; arriav_mac            ; 205                         ;
; boundary_port         ; 36                          ;
;                       ;                             ;
; Max LUT depth         ; 13.60                       ;
; Average LUT depth     ; 8.80                        ;
+-----------------------+-----------------------------+


+-------------------------------+
; Elapsed Time Per Partition    ;
+----------------+--------------+
; Partition Name ; Elapsed Time ;
+----------------+--------------+
; Top            ; 00:00:27     ;
+----------------+--------------+


+-------------------------------+
; Analysis & Synthesis Messages ;
+-------------------------------+
Info: *******************************************************************
Info: Running Quartus Prime Analysis & Synthesis
    Info: Version 21.1.0 Build 842 10/21/2021 SJ Lite Edition
    Info: Processing started: Tue Mar 24 22:01:46 2026
Info: Command: quartus_map --read_settings_files=on --write_settings_files=off fir_filter_opt_project -c fir_filter
Info (20032): Parallel compilation is enabled and will use up to 4 processors
Info (12021): Found 1 design units, including 0 entities, in source file rtl/include/fir_coeffs_pkg.sv
    Info (12022): Found design unit 1: fir_coeffs_pkg (SystemVerilog) File: C:/Mac/Home/Desktop/avlsi-fir-filter-design/fir-filter-hardware-optimized/rtl/include/fir_coeffs_pkg.sv Line: 1
Info (12021): Found 1 design units, including 1 entities, in source file rtl/src/fir_filter.sv
    Info (12023): Found entity 1: fir_filter File: C:/Mac/Home/Desktop/avlsi-fir-filter-design/fir-filter-hardware-optimized/rtl/src/fir_filter.sv Line: 3
Info (12021): Found 1 design units, including 1 entities, in source file rtl/src/fir_filter_pipelined.sv
    Info (12023): Found entity 1: fir_filter_pipelined File: C:/Mac/Home/Desktop/avlsi-fir-filter-design/fir-filter-hardware-optimized/rtl/src/fir_filter_pipelined.sv Line: 3
Info (12021): Found 1 design units, including 1 entities, in source file rtl/src/fir_filter_symmetric.sv
    Info (12023): Found entity 1: fir_filter_symmetric File: C:/Mac/Home/Desktop/avlsi-fir-filter-design/fir-filter-hardware-optimized/rtl/src/fir_filter_symmetric.sv Line: 3
Info (12021): Found 1 design units, including 1 entities, in source file rtl/src/fir_filter_pipelined_symmetric.sv
    Info (12023): Found entity 1: fir_filter_pipelined_symmetric File: C:/Mac/Home/Desktop/avlsi-fir-filter-design/fir-filter-hardware-optimized/rtl/src/fir_filter_pipelined_symmetric.sv Line: 3
Info (12021): Found 2 design units, including 2 entities, in source file rtl/src/fir_filter_parallel.sv
    Info (12023): Found entity 1: fir_filter_parallel File: C:/Mac/Home/Desktop/avlsi-fir-filter-design/fir-filter-hardware-optimized/rtl/src/fir_filter_parallel.sv Line: 3
    Info (12023): Found entity 2: fir_filter_parallel_stream File: C:/Mac/Home/Desktop/avlsi-fir-filter-design/fir-filter-hardware-optimized/rtl/src/fir_filter_parallel.sv Line: 171
Info (12021): Found 2 design units, including 2 entities, in source file rtl/src/fir_filter_parallel_reduced.sv
    Info (12023): Found entity 1: fir_filter_parallel_reduced File: C:/Mac/Home/Desktop/avlsi-fir-filter-design/fir-filter-hardware-optimized/rtl/src/fir_filter_parallel_reduced.sv Line: 3
    Info (12023): Found entity 2: fir_filter_parallel_reduced_stream File: C:/Mac/Home/Desktop/avlsi-fir-filter-design/fir-filter-hardware-optimized/rtl/src/fir_filter_parallel_reduced.sv Line: 219
Info (12021): Found 1 design units, including 1 entities, in source file rtl/src/fir_filter_l2.sv
    Info (12023): Found entity 1: fir_filter_l2 File: C:/Mac/Home/Desktop/avlsi-fir-filter-design/fir-filter-hardware-optimized/rtl/src/fir_filter_l2.sv Line: 3
Info (12021): Found 1 design units, including 1 entities, in source file rtl/src/fir_filter_l2_reduced.sv
    Info (12023): Found entity 1: fir_filter_l2_reduced File: C:/Mac/Home/Desktop/avlsi-fir-filter-design/fir-filter-hardware-optimized/rtl/src/fir_filter_l2_reduced.sv Line: 3
Info (12021): Found 1 design units, including 1 entities, in source file rtl/src/fir_filter_l3.sv
    Info (12023): Found entity 1: fir_filter_l3 File: C:/Mac/Home/Desktop/avlsi-fir-filter-design/fir-filter-hardware-optimized/rtl/src/fir_filter_l3.sv Line: 3
Info (12021): Found 1 design units, including 1 entities, in source file rtl/src/fir_filter_l3_reduced.sv
    Info (12023): Found entity 1: fir_filter_l3_reduced File: C:/Mac/Home/Desktop/avlsi-fir-filter-design/fir-filter-hardware-optimized/rtl/src/fir_filter_l3_reduced.sv Line: 3
Info (12021): Found 1 design units, including 1 entities, in source file rtl/src/fir_filter_pipelined_l3.sv
    Info (12023): Found entity 1: fir_filter_pipelined_l3 File: C:/Mac/Home/Desktop/avlsi-fir-filter-design/fir-filter-hardware-optimized/rtl/src/fir_filter_pipelined_l3.sv Line: 3
Info (12021): Found 1 design units, including 1 entities, in source file rtl/src/fir_filter_pipelined_l3_reduced.sv
    Info (12023): Found entity 1: fir_filter_pipelined_l3_reduced File: C:/Mac/Home/Desktop/avlsi-fir-filter-design/fir-filter-hardware-optimized/rtl/src/fir_filter_pipelined_l3_reduced.sv Line: 3
Info (12127): Elaborating entity "fir_filter" for the top level hierarchy
Info (286030): Timing-Driven Synthesis is running
Info (16010): Generating hard_block partition "hard_block:auto_generated_inst"
    Info (16011): Adding 0 node(s), including 0 DDIO, 0 PLL, 0 transceiver and 0 LCELL
Info (21057): Implemented 10358 device resources after synthesis - the final resource count might be different
    Info (21058): Implemented 19 input pins
    Info (21059): Implemented 17 output pins
    Info (21061): Implemented 10117 logic cells
    Info (21062): Implemented 205 DSP elements
Info: Quartus Prime Analysis & Synthesis was successful. 0 errors, 0 warnings
    Info: Peak virtual memory: 13473 megabytes
    Info: Processing ended: Tue Mar 24 22:02:55 2026
    Info: Elapsed time: 00:01:09
    Info: Total CPU time (on all processors): 00:01:26


