Assembler report for fir_filter_pipelined
Tue Mar 24 22:22:10 2026
Quartus Prime Version 21.1.0 Build 842 10/21/2021 SJ Lite Edition


---------------------
; Table of Contents ;
---------------------
  1. Legal Notice
  2. Assembler Summary
  3. Assembler Settings
  4. Assembler Generated Files
  5. Assembler Device Options: C:/Mac/Home/Desktop/avlsi-fir-filter-design/fir-filter-hardware-optimized/output_files/fir_filter_pipelined.sof
  6. Assembler Messages



----------------
; Legal Notice ;
----------------
Copyright (C) 2021  Intel Corporation. All rights reserved.
Your use of Intel Corporation's design tools, logic functions 
and other software and tools, and any partner logic 
functions, and any output files from any of the foregoing 
(including device programming or simulation files), and any 
associated documentation or information are expressly subject 
to the terms and conditions of the Intel Program License 
Subscription Agreement, the Intel Quartus Prime License Agreement,
the Intel FPGA IP License Agreement, or other applicable license
agreement, including, without limitation, that your use is for
the sole purpose of programming logic devices manufactured by
Intel and sold by Intel or its authorized distributors.  Please
refer to the applicable agreement for further details, at
https://fpgasoftware.intel.com/eula.



+---------------------------------------------------------------+
; Assembler Summary                                             ;
+-----------------------+---------------------------------------+
; Assembler Status      ; Successful - Tue Mar 24 22:22:10 2026 ;
; Revision Name         ; fir_filter_pipelined                  ;
; Top-level Entity Name ; fir_filter_pipelined                  ;
; Family                ; Cyclone V                             ;
; Device                ; 5CGXFC9E6F35C7                        ;
+-----------------------+---------------------------------------+


+----------------------------------+
; Assembler Settings               ;
+--------+---------+---------------+
; Option ; Setting ; Default Value ;
+--------+---------+---------------+


+-----------------------------------------------------------------------------------------------------------------+
; Assembler Generated Files                                                                                       ;
+-----------------------------------------------------------------------------------------------------------------+
; File Name                                                                                                       ;
+-----------------------------------------------------------------------------------------------------------------+
; C:/Mac/Home/Desktop/avlsi-fir-filter-design/fir-filter-hardware-optimized/output_files/fir_filter_pipelined.sof ;
+-----------------------------------------------------------------------------------------------------------------+


+-------------------------------------------------------------------------------------------------------------------------------------------+
; Assembler Device Options: C:/Mac/Home/Desktop/avlsi-fir-filter-design/fir-filter-hardware-optimized/output_files/fir_filter_pipelined.sof ;
+----------------+--------------------------------------------------------------------------------------------------------------------------+
; Option         ; Setting                                                                                                                  ;
+----------------+--------------------------------------------------------------------------------------------------------------------------+
; JTAG usercode  ; 0x026407A4                                                                                                               ;
; Checksum       ; 0x026407A4                                                                                                               ;
+----------------+--------------------------------------------------------------------------------------------------------------------------+


+--------------------+
; Assembler Messages ;
+--------------------+
Info: *******************************************************************
Info: Running Quartus Prime Assembler
    Info: Version 21.1.0 Build 842 10/21/2021 SJ Lite Edition
    Info: Processing started: Tue Mar 24 22:21:30 2026
Info: Command: quartus_asm --read_settings_files=off --write_settings_files=off fir_filter_opt_project -c fir_filter_pipelined
Info (115030): Assembler is generating device programming files
Info: Quartus Prime Assembler was successful. 0 errors, 0 warnings
    Info: Peak virtual memory: 14476 megabytes
    Info: Processing ended: Tue Mar 24 22:22:11 2026
    Info: Elapsed time: 00:00:41
    Info: Total CPU time (on all processors): 00:00:38


